Primeiro
Primeiro
Primeiro
Primeiro
Primeiro
Primeiro
Primeiro
Primeiro
Primeiro
Primeiro
Primeiro
Primeiro
Primeiro
Primeiro
Primeiro
Primeiro
Segundo
Primeiro
Primeiro
Primeiro
Primeiro
Primeiro
Primeiro
Primeiro
Primeiro
Primeiro
Primeiro
Primeiro
Segundo
Primeiro
Primeiro
Primeiro
Primeiro
Primeiro
Primeiro
Primeiro
Primeiro
Primeiro
Primeiro
Primeiro
Segundo
Primeiro
Segundo
Primeiro
Segundo
Primeiro
Segundo
Primeiro
Primeiro
Primeiro
Primeiro
Segundo
Primeiro
Primeiro
Primeiro
Primeiro
Primeiro
Primeiro
Segundo
Primeiro
Primeiro
Primeiro
Primeiro
Primeiro
Primeiro
Primeiro
Primeiro
Primeiro
Primeiro
Primeiro
Primeiro
Primeiro
Segundo
Segundo
Primeiro
Primeiro
Primeiro
Primeiro
Primeiro
Segundo
Primeiro
Primeiro
Primeiro
Primeiro
Primeiro
Primeiro
Primeiro
Primeiro
Primeiro
Primeiro
Primeiro
Primeiro
Primeiro
Primeiro
Primeiro
Primeiro
Primeiro
Primeiro
Primeiro
Primeiro
