Teco
Tico
Tico
Teco
Tico
Teco
Tico
Tico
Tico
Teco
