Teco
Tico
Tico
Tico
Tico
Tico
Tico
Teco
Tico
Tico
Teco
Tico
Teco
Tico
Teco
Tico
Tico
Teco
Tico
Tico
Tico
Teco
Tico
Tico
Tico
Tico
Tico
Tico
Tico
Tico
Tico
Tico
Tico
Tico
Teco
Teco
Tico
Teco
Tico
Teco
Tico
Tico
Tico
Teco
Tico
Tico
Tico
Tico
Tico
Tico
Tico
Tico
Teco
Tico
Tico
Teco
Tico
Tico
Teco
Tico
Teco
Tico
Tico
Tico
Tico
Tico
Tico
Teco
Teco
Tico
Tico
Tico
Tico
Tico
Tico
Tico
Tico
Tico
Tico
Tico
Tico
Tico
Teco
Tico
Teco
Tico
Teco
Teco
Tico
Tico
Tico
Tico
Tico
Tico
Tico
Tico
Tico
Teco
Teco
Tico
Tico
Teco
Tico
Tico
Tico
Teco
Teco
Tico
Tico
Teco
Tico
Teco
Tico
Teco
Tico
Teco
Tico
Tico
Tico
Teco
Tico
Tico
Tico
Teco
Teco
Tico
Tico
Tico
Tico
Tico
Tico
Tico
Teco
Tico
Tico
Tico
Tico
Tico
Tico
Tico
Tico
Teco
Tico
Tico
Tico
Teco
Tico
Tico
Teco
Tico
Tico
Tico
Teco
Teco
Tico
Tico
Tico
Teco
Teco
Tico
Tico
Teco
Tico
Teco
Tico
Tico
Tico
Tico
Teco
Tico
Teco
Tico
Tico
Tico
Tico
Tico
Tico
Tico
Tico
Tico
Teco
Tico
Teco
Tico
Teco
Tico
Tico
Teco
Tico
Teco
Tico
Tico
Tico
Tico
Tico
Tico
Tico
Tico
Teco
Tico
Tico
Teco
Teco
Tico
Teco
Tico
Tico
Tico
Tico
Tico
Tico
Tico
Teco
Tico
Teco
Tico
Tico
Teco
Tico
Tico
Tico
Tico
Teco
Tico
Tico
Teco
Tico
Tico
Tico
Tico
Teco
Tico
Teco
Tico
Teco
Tico
Tico
Teco
Tico
Teco
Tico
Tico
Tico
Tico
Teco
Tico
Tico
Tico
Tico
Tico
Tico
Tico
Teco
Tico
Tico
Tico
Teco
Teco
Tico
Teco
Tico
Tico
Tico
Tico
Tico
Tico
Tico
Tico
Teco
Tico
Tico
Tico
Tico
Tico
Tico
Tico
Tico
Tico
Tico
Tico
Teco
Teco
Tico
Tico
Teco
Tico
Tico
Teco
Tico
Teco
Tico
Teco
Teco
Teco
Teco
Tico
Teco
Tico
Tico
Tico
Tico
Tico
Teco
Tico
Teco
Tico
Tico
Teco
Tico
Tico
Tico
Tico
Teco
Tico
Teco
Teco
Tico
Teco
Tico
Tico
Tico
Tico
Tico
Tico
Teco
Teco
Tico
Tico
Teco
Teco
Tico
Tico
Teco
Tico
Tico
Teco
Tico
Teco
Tico
Tico
Teco
Teco
Teco
Tico
Tico
Tico
Tico
Tico
Tico
Tico
Teco
Tico
Tico
Tico
Tico
Tico
Tico
Tico
Tico
Tico
Tico
Tico
Tico
Teco
Tico
Teco
Tico
Tico
Tico
Tico
Tico
Tico
Tico
Tico
Tico
Tico
Teco
Tico
Teco
Tico
Teco
Tico
Tico
Teco
Tico
Teco
Teco
Teco
Tico
Teco
Tico
Tico
Teco
Tico
Teco
Tico
Teco
Tico
Tico
Tico
Tico
Teco
Tico
Teco
Tico
Teco
Tico
Tico
Tico
Tico
Tico
Teco
Teco
Tico
Tico
Tico
Teco
Teco
Teco
Tico
Teco
Tico
Tico
Tico
Tico
Teco
Teco
Tico
Teco
Tico
Tico
Tico
Tico
Tico
Teco
Tico
Tico
Tico
Tico
Tico
Tico
Teco
Tico
Tico
Teco
Tico
Tico
Tico
Tico
Tico
Tico
Tico
Teco
Tico
Tico
Tico
Teco
Tico
Tico
Tico
Tico
Tico
Tico
Tico
Tico
Tico
Tico
Tico
Teco
Tico
Teco
Tico
Tico
Tico
Tico
Tico
Tico
Tico
Tico
Tico
Tico
Tico
Tico
Tico
Teco
Tico
Tico
Teco
Tico
Teco
Tico
Tico
Tico
Tico
Tico
Tico
Teco
Tico
Teco
Tico
Tico
Tico
Tico
Tico
Tico
Tico
Teco
Teco
Tico
Tico
Tico
Tico
Teco
Tico
Tico
Tico
Tico
Teco
Teco
Teco
Tico
Teco
Tico
Tico
Tico
Tico
Tico
Tico
Teco
Tico
Tico
Teco
Tico
Tico
Tico
Teco
Tico
Tico
Teco
Teco
Tico
Tico
Tico
Teco
Teco
Teco
Tico
Teco
Tico
Tico
Tico
Teco
Tico
Tico
Tico
Tico
Tico
Tico
Teco
Tico
Tico
Tico
Tico
Tico
Tico
Tico
Tico
Tico
Tico
Teco
Tico
Tico
Tico
Tico
Tico
Teco
Tico
Tico
Tico
Teco
Tico
Tico
Tico
Teco
Tico
Tico
Tico
Teco
Tico
Tico
Tico
Teco
Tico
Tico
Tico
Teco
Teco
Tico
Tico
Tico
Teco
Tico
Teco
Tico
Teco
Tico
Tico
Tico
Tico
Tico
Teco
Tico
Tico
Tico
Tico
Teco
Tico
Tico
Tico
Teco
Tico
Tico
Tico
Tico
Teco
Tico
Tico
Tico
Tico
Tico
Tico
Teco
Teco
Teco
Tico
Tico
Tico
Teco
Tico
Tico
Teco
Tico
Tico
Tico
Tico
Teco
Teco
Teco
Tico
Tico
Teco
Tico
Tico
Teco
Tico
Teco
Teco
Tico
Tico
Tico
Tico
Tico
Teco
Tico
Tico
Tico
Tico
Teco
Teco
Tico
Tico
Tico
Tico
Teco
Tico
Teco
Tico
Teco
Tico
Tico
Teco
Tico
Tico
Teco
Teco
Tico
Tico
Tico
Teco
Tico
Tico
Tico
Tico
Tico
Tico
Tico
Tico
Tico
Teco
Tico
Tico
Tico
Tico
Teco
Tico
Tico
Tico
Tico
Tico
Tico
Teco
Tico
Tico
Teco
Teco
Tico
Tico
Tico
Tico
Teco
Tico
Tico
Teco
Tico
Teco
Tico
Teco
Tico
Teco
Tico
Tico
Tico
Tico
Tico
Teco
Teco
Teco
Tico
Tico
Tico
Tico
Tico
Teco
Tico
Tico
Teco
Tico
Tico
Tico
Tico
Tico
Tico
Tico
Tico
Tico
Tico
Tico
Tico
Tico
Teco
Teco
Tico
Tico
Tico
Tico
Tico
Teco
Tico
Tico
Teco
Tico
Teco
Tico
Tico
Tico
Tico
Teco
Tico
Teco
Teco
Tico
Tico
Teco
Tico
Tico
Tico
Tico
Tico
Tico
Tico
Teco
Teco
Tico
Tico
Tico
Teco
Tico
Tico
Tico
Teco
Teco
Teco
Tico
Tico
Teco
Tico
Tico
Teco
Tico
Teco
Tico
Tico
Tico
Tico
Tico
Tico
Tico
Tico
Tico
Tico
Tico
Tico
Tico
Tico
Teco
Tico
Tico
Tico
Tico
Tico
Tico
Tico
Tico
Tico
Teco
Tico
Tico
Tico
Teco
Teco
Teco
Teco
Tico
Teco
Teco
Tico
Teco
Tico
Tico
Teco
Tico
Tico
Tico
Tico
Tico
Teco
Tico
Tico
Tico
Tico
Tico
Tico
Teco
Teco
Tico
Tico
Tico
Tico
Tico
Tico
Tico
Tico
Tico
Tico
Tico
Tico
Tico
Tico
Teco
Tico
Tico
Teco
Tico
Tico
Tico
Tico
Teco
Tico
Tico
Tico
Teco
Tico
Tico
Tico
Teco
Tico
Teco
Tico
Tico
Tico
Teco
Tico
Tico
Tico
Teco
Tico
Teco
Tico
Teco
Tico
Tico
Teco
Tico
Tico
Tico
Tico
Tico
Teco
Tico
Tico
Tico
Teco
Tico
Tico
Tico
Tico
Tico
Tico
Tico
Tico
Tico
Tico
Teco
Teco
Tico
Tico
Teco
Tico
Teco
Tico
Tico
Teco
Tico
Teco
Teco
Tico
Tico
Tico
Teco
Teco
Tico
Tico
Tico
Teco
Tico
Tico
Teco
Tico
Tico
Tico
Tico
Tico
Tico
Teco
Tico
Tico
Tico
Tico
Tico
Tico
Tico
Tico
Tico
Tico
Teco
Tico
Tico
Tico
Teco
Tico
Teco
Tico
Teco
Tico
Teco
Tico
Tico
Tico
Teco
Tico
Tico
Teco
Tico
Tico
Tico
Tico
Teco
Tico
Tico
Teco
